
Merging program properties

Removed property 0xc0000002 to merge /usr/bin/../lib64/gcc/x86_64-pc-linux-gnu/14.1.1/../../../../lib64/Scrt1.o (0x3) and build/dummy.o (not found)
Removed property 0xc0010001 to merge /usr/bin/../lib64/gcc/x86_64-pc-linux-gnu/14.1.1/../../../../lib64/Scrt1.o (0x1) and build/dummy.o (not found)
Removed property 0xc0010002 to merge /usr/bin/../lib64/gcc/x86_64-pc-linux-gnu/14.1.1/../../../../lib64/Scrt1.o (0x0) and build/dummy.o (not found)
Removed property 0xc0000002 to merge /usr/bin/../lib64/gcc/x86_64-pc-linux-gnu/14.1.1/../../../../lib64/Scrt1.o (not found) and /usr/bin/../lib64/gcc/x86_64-pc-linux-gnu/14.1.1/crtendS.o (0x3)
Removed property 0xc0010001 to merge /usr/bin/../lib64/gcc/x86_64-pc-linux-gnu/14.1.1/../../../../lib64/Scrt1.o (not found) and /usr/bin/../lib64/gcc/x86_64-pc-linux-gnu/14.1.1/crtendS.o (0x1)
Removed property 0xc0010002 to merge /usr/bin/../lib64/gcc/x86_64-pc-linux-gnu/14.1.1/../../../../lib64/Scrt1.o (not found) and /usr/bin/../lib64/gcc/x86_64-pc-linux-gnu/14.1.1/crtendS.o (0x0)
Removed property 0xc0000002 to merge /usr/bin/../lib64/gcc/x86_64-pc-linux-gnu/14.1.1/../../../../lib64/Scrt1.o (not found) and /usr/bin/../lib64/gcc/x86_64-pc-linux-gnu/14.1.1/../../../../lib64/crtn.o (0x3)
Removed property 0xc0010001 to merge /usr/bin/../lib64/gcc/x86_64-pc-linux-gnu/14.1.1/../../../../lib64/Scrt1.o (not found) and /usr/bin/../lib64/gcc/x86_64-pc-linux-gnu/14.1.1/../../../../lib64/crtn.o (0x1)
Removed property 0xc0010002 to merge /usr/bin/../lib64/gcc/x86_64-pc-linux-gnu/14.1.1/../../../../lib64/Scrt1.o (not found) and /usr/bin/../lib64/gcc/x86_64-pc-linux-gnu/14.1.1/../../../../lib64/crtn.o (0x0)

Discarded input sections

 .rodata.cst4   0x0000000000000000        0x4 /usr/bin/../lib64/gcc/x86_64-pc-linux-gnu/14.1.1/../../../../lib64/Scrt1.o
 .data          0x0000000000000000        0x4 /usr/bin/../lib64/gcc/x86_64-pc-linux-gnu/14.1.1/../../../../lib64/Scrt1.o
 .bss           0x0000000000000000        0x0 /usr/bin/../lib64/gcc/x86_64-pc-linux-gnu/14.1.1/../../../../lib64/Scrt1.o
 .note.GNU-stack
                0x0000000000000000        0x0 /usr/bin/../lib64/gcc/x86_64-pc-linux-gnu/14.1.1/../../../../lib64/Scrt1.o
 .gnu_debuglink
                0x0000000000000000       0x14 /usr/bin/../lib64/gcc/x86_64-pc-linux-gnu/14.1.1/../../../../lib64/Scrt1.o
 .text          0x0000000000000000        0x0 /usr/bin/../lib64/gcc/x86_64-pc-linux-gnu/14.1.1/../../../../lib64/crti.o
 .data          0x0000000000000000        0x0 /usr/bin/../lib64/gcc/x86_64-pc-linux-gnu/14.1.1/../../../../lib64/crti.o
 .bss           0x0000000000000000        0x0 /usr/bin/../lib64/gcc/x86_64-pc-linux-gnu/14.1.1/../../../../lib64/crti.o
 .note.gnu.property
                0x0000000000000000       0x50 /usr/bin/../lib64/gcc/x86_64-pc-linux-gnu/14.1.1/../../../../lib64/crti.o
 .note.GNU-stack
                0x0000000000000000        0x0 /usr/bin/../lib64/gcc/x86_64-pc-linux-gnu/14.1.1/../../../../lib64/crti.o
 .gnu_debuglink
                0x0000000000000000       0x14 /usr/bin/../lib64/gcc/x86_64-pc-linux-gnu/14.1.1/../../../../lib64/crti.o
 .data          0x0000000000000000        0x0 /usr/bin/../lib64/gcc/x86_64-pc-linux-gnu/14.1.1/crtbeginS.o
 .note.GNU-stack
                0x0000000000000000        0x0 /usr/bin/../lib64/gcc/x86_64-pc-linux-gnu/14.1.1/crtbeginS.o
 .note.gnu.property
                0x0000000000000000       0x50 /usr/bin/../lib64/gcc/x86_64-pc-linux-gnu/14.1.1/crtbeginS.o
 .gnu_debuglink
                0x0000000000000000       0x18 /usr/bin/../lib64/gcc/x86_64-pc-linux-gnu/14.1.1/crtbeginS.o
 .text          0x0000000000000000        0x1 build/dummy.o
 .note.GNU-stack
                0x0000000000000000        0x0 build/dummy.o
 .llvm_addrsig  0x0000000000000000        0x0 build/dummy.o
 .note.GNU-stack
                0x0000000000000000        0x0 build/am_map.o
 .llvm_addrsig  0x0000000000000000        0xf build/am_map.o
 .text          0x0000000000000000        0x0 build/doomdef.o
 .comment       0x0000000000000000       0x16 build/doomdef.o
 .note.GNU-stack
                0x0000000000000000        0x0 build/doomdef.o
 .llvm_addrsig  0x0000000000000000        0x0 build/doomdef.o
 .text          0x0000000000000000        0x0 build/doomstat.o
 .note.GNU-stack
                0x0000000000000000        0x0 build/doomstat.o
 .llvm_addrsig  0x0000000000000000        0x0 build/doomstat.o
 .text          0x0000000000000000        0x0 build/dstrings.o
 .note.GNU-stack
                0x0000000000000000        0x0 build/dstrings.o
 .llvm_addrsig  0x0000000000000000        0x0 build/dstrings.o
 .note.GNU-stack
                0x0000000000000000        0x0 build/d_event.o
 .llvm_addrsig  0x0000000000000000        0x1 build/d_event.o
 .text          0x0000000000000000        0x0 build/d_items.o
 .note.GNU-stack
                0x0000000000000000        0x0 build/d_items.o
 .llvm_addrsig  0x0000000000000000        0x0 build/d_items.o
 .note.GNU-stack
[...]
Memory Configuration

Name             Origin             Length             Attributes
*default*        0x0000000000000000 0xffffffffffffffff

Linker script and memory map

LOAD /usr/bin/../lib64/gcc/x86_64-pc-linux-gnu/14.1.1/../../../../lib64/Scrt1.o
LOAD /usr/bin/../lib64/gcc/x86_64-pc-linux-gnu/14.1.1/../../../../lib64/crti.o
LOAD /usr/bin/../lib64/gcc/x86_64-pc-linux-gnu/14.1.1/crtbeginS.o
LOAD build/dummy.o
LOAD build/am_map.o
LOAD build/doomdef.o
LOAD build/doomstat.o
LOAD build/dstrings.o
LOAD build/d_event.o
LOAD build/d_items.o
LOAD build/d_iwad.o
LOAD build/d_loop.o
LOAD build/d_main.o
LOAD build/d_mode.o
LOAD build/d_net.o
LOAD build/f_finale.o
LOAD build/f_wipe.o
LOAD build/g_game.o
LOAD build/hu_lib.o
LOAD build/hu_stuff.o
LOAD build/info.o
LOAD build/i_cdmus.o
LOAD build/i_endoom.o
LOAD build/i_joystick.o
LOAD build/i_scale.o
LOAD build/i_sound.o
LOAD build/i_system.o
LOAD build/i_timer.o
LOAD build/memio.o
LOAD build/m_argv.o
LOAD build/m_bbox.o
LOAD build/m_cheat.o
LOAD build/m_config.o
LOAD build/m_controls.o
LOAD build/m_fixed.o
LOAD build/m_menu.o
LOAD build/m_misc.o
LOAD build/m_random.o
LOAD build/p_ceilng.o
LOAD build/p_doors.o
LOAD build/p_enemy.o
LOAD build/p_floor.o
LOAD build/p_inter.o
LOAD build/p_lights.o
LOAD build/p_map.o
LOAD build/p_maputl.o
LOAD build/p_mobj.o
LOAD build/p_plats.o
LOAD build/p_pspr.o
LOAD build/p_saveg.o
LOAD build/p_setup.o
LOAD build/p_sight.o
LOAD build/p_spec.o
LOAD build/p_switch.o
LOAD build/p_telept.o
LOAD build/p_tick.o
LOAD build/p_user.o
LOAD build/r_bsp.o
LOAD build/r_data.o
LOAD build/r_draw.o
LOAD build/r_main.o
LOAD build/r_plane.o
LOAD build/r_segs.o
LOAD build/r_sky.o
LOAD build/r_things.o
LOAD build/sha1.o
LOAD build/sounds.o
LOAD build/statdump.o
LOAD build/st_lib.o
LOAD build/st_stuff.o
LOAD build/s_sound.o
LOAD build/tables.o
LOAD build/v_video.o
LOAD build/wi_stuff.o
LOAD build/w_checksum.o
LOAD build/w_file.o
LOAD build/w_main.o
LOAD build/w_wad.o
LOAD build/z_zone.o
LOAD build/w_file_stdc.o
LOAD build/i_input.o
LOAD build/i_video.o
LOAD build/doomgeneric.o
LOAD build/doomgeneric_xlib.o
LOAD /usr/bin/../lib64/gcc/x86_64-pc-linux-gnu/14.1.1/../../../../lib64/libm.so
START GROUP
LOAD /usr/lib/libm.so.6
LOAD /usr/lib/libmvec.so.1
END GROUP
LOAD /usr/bin/../lib64/gcc/x86_64-pc-linux-gnu/14.1.1/../../../../lib64/libc.so
START GROUP
LOAD /usr/lib/libc.so.6
LOAD /usr/lib/libc_nonshared.a
LOAD /usr/lib/ld-linux-x86-64.so.2
END GROUP
LOAD /usr/bin/../lib64/gcc/x86_64-pc-linux-gnu/14.1.1/../../../../lib64/libX11.so
LOAD /usr/bin/../lib64/gcc/x86_64-pc-linux-gnu/14.1.1/libgcc.a
LOAD /usr/bin/../lib64/gcc/x86_64-pc-linux-gnu/14.1.1/../../../../lib64/libgcc_s.so
START GROUP
LOAD /usr/bin/../lib64/gcc/x86_64-pc-linux-gnu/14.1.1/../../../../lib64/libgcc_s.so.1
LOAD /usr/bin/../lib64/gcc/x86_64-pc-linux-gnu/14.1.1/libgcc.a
END GROUP
LOAD /usr/bin/../lib64/gcc/x86_64-pc-linux-gnu/14.1.1/../../../../lib64/libc.so
START GROUP
LOAD /usr/lib/libc.so.6
LOAD /usr/lib/libc_nonshared.a
LOAD /usr/lib/ld-linux-x86-64.so.2
END GROUP
LOAD /usr/bin/../lib64/gcc/x86_64-pc-linux-gnu/14.1.1/libgcc.a
LOAD /usr/bin/../lib64/gcc/x86_64-pc-linux-gnu/14.1.1/../../../../lib64/libgcc_s.so
START GROUP
LOAD /usr/bin/../lib64/gcc/x86_64-pc-linux-gnu/14.1.1/../../../../lib64/libgcc_s.so.1
LOAD /usr/bin/../lib64/gcc/x86_64-pc-linux-gnu/14.1.1/libgcc.a
END GROUP
LOAD /usr/bin/../lib64/gcc/x86_64-pc-linux-gnu/14.1.1/crtendS.o
LOAD /usr/bin/../lib64/gcc/x86_64-pc-linux-gnu/14.1.1/../../../../lib64/crtn.o
                [!provide]                        PROVIDE (__executable_start = SEGMENT_START ("text-segment", 0x0))
                0x0000000000000318                . = (SEGMENT_START ("text-segment", 0x0) + SIZEOF_HEADERS)

.interp         0x0000000000000318       0x1c
 *(.interp)
 .interp        0x0000000000000318       0x1c /usr/bin/../lib64/gcc/x86_64-pc-linux-gnu/14.1.1/../../../../lib64/Scrt1.o

.note.gnu.property
                0x0000000000000338       0x20
 .note.gnu.property
                0x0000000000000338       0x20 /usr/bin/../lib64/gcc/x86_64-pc-linux-gnu/14.1.1/../../../../lib64/Scrt1.o

.note.gnu.build-id
                0x0000000000000358       0x24
 *(.note.gnu.build-id)
 .note.gnu.build-id
                0x0000000000000358       0x24 /usr/bin/../lib64/gcc/x86_64-pc-linux-gnu/14.1.1/../../../../lib64/Scrt1.o

.note.ABI-tag   0x000000000000037c       0x20
 .note.ABI-tag  0x000000000000037c       0x20 /usr/bin/../lib64/gcc/x86_64-pc-linux-gnu/14.1.1/../../../../lib64/Scrt1.o

.hash
 *(.hash)

.gnu.hash       0x00000000000003a0       0x1c
 *(.gnu.hash)
 .gnu.hash      0x00000000000003a0       0x1c /usr/bin/../lib64/gcc/x86_64-pc-linux-gnu/14.1.1/../../../../lib64/Scrt1.o

.dynsym         0x00000000000003c0      0x618
 *(.dynsym)
 .dynsym        0x00000000000003c0      0x618 /usr/bin/../lib64/gcc/x86_64-pc-linux-gnu/14.1.1/../../../../lib64/Scrt1.o

.dynstr         0x00000000000009d8      0x2e5
 *(.dynstr)
 .dynstr        0x00000000000009d8      0x2e5 /usr/bin/../lib64/gcc/x86_64-pc-linux-gnu/14.1.1/../../../../lib64/Scrt1.o

.gnu.version    0x0000000000000cbe       0x82
 *(.gnu.version)
 .gnu.version   0x0000000000000cbe       0x82 /usr/bin/../lib64/gcc/x86_64-pc-linux-gnu/14.1.1/../../../../lib64/Scrt1.o

.gnu.version_d  0x0000000000000d40        0x0
 *(.gnu.version_d)
 .gnu.version_d
                0x0000000000000d40        0x0 /usr/bin/../lib64/gcc/x86_64-pc-linux-gnu/14.1.1/../../../../lib64/Scrt1.o

.gnu.version_r  0x0000000000000d40       0x70
 *(.gnu.version_r)
 .gnu.version_r
                0x0000000000000d40       0x70 /usr/bin/../lib64/gcc/x86_64-pc-linux-gnu/14.1.1/../../../../lib64/Scrt1.o

.rela.dyn       0x0000000000000db0     0x76b0
 *(.rela.init)
 *(.rela.text .rela.text.* .rela.gnu.linkonce.t.*)
 *(.rela.fini)
 *(.rela.rodata .rela.rodata.* .rela.gnu.linkonce.r.*)
 *(.rela.data .rela.data.* .rela.gnu.linkonce.d.*)
 .rela.data.rel.ro
                0x0000000000000db0      0x780 /usr/bin/../lib64/gcc/x86_64-pc-linux-gnu/14.1.1/../../../../lib64/Scrt1.o
 .rela.data.rel.local
                0x0000000000001530       0x18 /usr/bin/../lib64/gcc/x86_64-pc-linux-gnu/14.1.1/../../../../lib64/Scrt1.o
 .rela.data     0x0000000000001548     0x6c90 /usr/bin/../lib64/gcc/x86_64-pc-linux-gnu/14.1.1/../../../../lib64/Scrt1.o
 *(.rela.tdata .rela.tdata.* .rela.gnu.linkonce.td.*)
 *(.rela.tbss .rela.tbss.* .rela.gnu.linkonce.tb.*)
 *(.rela.ctors)
 *(.rela.dtors)
 *(.rela.got)
 .rela.got      0x00000000000081d8      0x258 /usr/bin/../lib64/gcc/x86_64-pc-linux-gnu/14.1.1/../../../../lib64/Scrt1.o
 *(.rela.bss .rela.bss.* .rela.gnu.linkonce.b.*)
 .rela.bss      0x0000000000008430        0x0 /usr/bin/../lib64/gcc/x86_64-pc-linux-gnu/14.1.1/../../../../lib64/Scrt1.o
 *(.rela.ldata .rela.ldata.* .rela.gnu.linkonce.l.*)
 *(.rela.lbss .rela.lbss.* .rela.gnu.linkonce.lb.*)
 *(.rela.lrodata .rela.lrodata.* .rela.gnu.linkonce.lr.*)
 *(.rela.ifunc)
 .rela.ifunc    0x0000000000008430        0x0 /usr/bin/../lib64/gcc/x86_64-pc-linux-gnu/14.1.1/../../../../lib64/Scrt1.o
 .rela.fini_array
                0x0000000000008430       0x18 /usr/bin/../lib64/gcc/x86_64-pc-linux-gnu/14.1.1/../../../../lib64/Scrt1.o
 .rela.init_array
                0x0000000000008448       0x18 /usr/bin/../lib64/gcc/x86_64-pc-linux-gnu/14.1.1/../../../../lib64/Scrt1.o

.rela.plt       0x0000000000008460      0x570
 *(.rela.plt)
 .rela.plt      0x0000000000008460      0x570 /usr/bin/../lib64/gcc/x86_64-pc-linux-gnu/14.1.1/../../../../lib64/Scrt1.o
 *(.rela.iplt)

.relr.dyn
 *(.relr.dyn)
                0x0000000000009000                . = ALIGN (CONSTANT (MAXPAGESIZE))

.init           0x0000000000009000       0x1b
 *(SORT_NONE(.init))
 .init          0x0000000000009000       0x16 /usr/bin/../lib64/gcc/x86_64-pc-linux-gnu/14.1.1/../../../../lib64/crti.o
                0x0000000000009000                _init
 .init          0x0000000000009016        0x5 /usr/bin/../lib64/gcc/x86_64-pc-linux-gnu/14.1.1/../../../../lib64/crtn.o

.plt            0x0000000000009020      0x3b0
 *(.plt)
 .plt           0x0000000000009020      0x3b0 /usr/bin/../lib64/gcc/x86_64-pc-linux-gnu/14.1.1/../../../../lib64/Scrt1.o
                0x0000000000009030                XkbSetDetectableAutoRepeat
                0x0000000000009040                printf@@GLIBC_2.2.5
                0x0000000000009050                memset@@GLIBC_2.2.5
                0x0000000000009060                ftell@@GLIBC_2.2.5
                0x0000000000009070                snprintf@@GLIBC_2.2.5
                0x0000000000009080                memchr@@GLIBC_2.2.5
                0x0000000000009090                puts@@GLIBC_2.2.5
                0x00000000000090a0                fseek@@GLIBC_2.2.5
                0x00000000000090b0                __isoc99_sscanf@@GLIBC_2.7
                0x00000000000090c0                toupper@@GLIBC_2.2.5
                0x00000000000090d0                exit@@GLIBC_2.2.5
                0x00000000000090e0                XCreateImage
                0x00000000000090f0                strcasecmp@@GLIBC_2.2.5
                0x0000000000009100                gettimeofday@@GLIBC_2.2.5
                0x0000000000009110                putchar@@GLIBC_2.2.5
                0x0000000000009120                strncmp@@GLIBC_2.2.5
                0x0000000000009130                malloc@@GLIBC_2.2.5
                0x0000000000009140                fopen@@GLIBC_2.2.5
                0x0000000000009150                system@@GLIBC_2.2.5
                0x0000000000009160                XkbKeycodeToKeysym
                0x0000000000009170                XCreateSimpleWindow
                0x0000000000009180                XOpenDisplay
                0x0000000000009190                atof@@GLIBC_2.2.5
                0x00000000000091a0                vfprintf@@GLIBC_2.2.5
                0x00000000000091b0                __ctype_toupper_loc@@GLIBC_2.3
                0x00000000000091c0                free@@GLIBC_2.2.5
                0x00000000000091d0                strlen@@GLIBC_2.2.5
                0x00000000000091e0                XSetForeground
                0x00000000000091f0                strrchr@@GLIBC_2.2.5
                0x0000000000009200                XNextEvent
                0x0000000000009210                usleep@@GLIBC_2.2.5
                0x0000000000009220                strstr@@GLIBC_2.2.5
                0x0000000000009230                atoi@@GLIBC_2.2.5
                0x0000000000009240                XMapWindow
                0x0000000000009250                vsnprintf@@GLIBC_2.2.5
                0x0000000000009260                fread@@GLIBC_2.2.5
                0x0000000000009270                XCreateGC
                0x0000000000009280                XSelectInput
                0x0000000000009290                __errno_location@@GLIBC_2.2.5
                0x00000000000092a0                strdup@@GLIBC_2.2.5
                0x00000000000092b0                strncasecmp@@GLIBC_2.2.5
                0x00000000000092c0                __stack_chk_fail@@GLIBC_2.4
                0x00000000000092d0                XPutImage
                0x00000000000092e0                strcmp@@GLIBC_2.2.5
                0x00000000000092f0                tolower@@GLIBC_2.2.5
                0x0000000000009300                calloc@@GLIBC_2.2.5
                0x0000000000009310                fclose@@GLIBC_2.2.5
                0x0000000000009320                remove@@GLIBC_2.2.5
                0x0000000000009330                strncpy@@GLIBC_2.2.5
                0x0000000000009340                XChangeProperty
                0x0000000000009350                fwrite@@GLIBC_2.2.5
                0x0000000000009360                realloc@@GLIBC_2.2.5
                0x0000000000009370                fprintf@@GLIBC_2.2.5
                0x0000000000009380                memcpy@@GLIBC_2.14
                0x0000000000009390                rename@@GLIBC_2.2.5
                0x00000000000093a0                XPending
                0x00000000000093b0                mkdir@@GLIBC_2.2.5
                0x00000000000093c0                fflush@@GLIBC_2.2.5
 *(.iplt)

.plt.got        0x00000000000093d0        0x0
 *(.plt.got)
 .plt.got       0x00000000000093d0        0x0 /usr/bin/../lib64/gcc/x86_64-pc-linux-gnu/14.1.1/../../../../lib64/Scrt1.o

.plt.sec
 *(.plt.sec)

.text           0x00000000000093d0    0x28ff3
 *(.text.unlikely .text.*_unlikely .text.unlikely.*)
 *(.text.exit .text.exit.*)
 *(.text.startup .text.startup.*)
 *(.text.hot .text.hot.*)
 *(SORT_BY_NAME(.text.sorted.*))
 *(.text .stub .text.* .gnu.linkonce.t.*)
 .text          0x00000000000093d0       0x26 /usr/bin/../lib64/gcc/x86_64-pc-linux-gnu/14.1.1/../../../../lib64/Scrt1.o
                0x00000000000093d0                _start
 *fill*         0x00000000000093f6        0xa 
 .text          0x0000000000009400       0xc9 /usr/bin/../lib64/gcc/x86_64-pc-linux-gnu/14.1.1/crtbeginS.o
 *fill*         0x00000000000094c9        0x3 
 .text          0x00000000000094cc     0x1d01 build/am_map.o
                0x00000000000094cc                AM_getIslope
                0x0000000000009534                AM_activateNewScale
                0x00000000000095e7                AM_saveScaleAndLoc
                0x0000000000009618                AM_restoreScaleAndLoc
                0x00000000000096ba                AM_addMark
                0x0000000000009715                AM_findMinMaxBoundaries
                0x0000000000009859                AM_changeWindowLoc
                0x0000000000009913                AM_initVariables
                0x0000000000009a6b                AM_loadPics
                0x0000000000009aee                AM_unloadPics
                0x0000000000009b53                AM_clearMarks
                0x0000000000009c2d                AM_LevelInit
                0x0000000000009d58                AM_Stop
                0x0000000000009d7d                AM_Start
                0x0000000000009df2                AM_minOutWindowScale
                0x0000000000009e15                AM_maxOutWindowScale
                0x0000000000009e38                AM_Responder
                0x000000000000a309                AM_changeWindowScale
                0x000000000000a369                AM_doFollowPlayer
                0x000000000000a43a                AM_updateLightLev
                0x000000000000a49e                AM_Ticker
                0x000000000000a4e5                AM_clearFB
                0x000000000000a519                AM_clipMline
                0x000000000000a864                AM_drawFline
                0x000000000000a9ef                AM_drawMline
                0x000000000000aa13                AM_drawGrid
                0x000000000000ab54                AM_drawWalls
                0x000000000000ac6f                AM_rotate
                0x000000000000aceb                AM_drawLineCharacter
                0x000000000000ae44                AM_drawPlayers
                0x000000000000af57                AM_drawThings
                0x000000000000afe7                AM_drawMarks
                0x000000000000b0b9                AM_drawCrosshair
                0x000000000000b0ef                AM_Drawer
 *fill*         0x000000000000b1cd        0x3 
 .text          0x000000000000b1d0       0x77 build/d_event.o
                0x000000000000b1d0                D_PostEvent
                0x000000000000b20b                D_PopEvent
 *fill*         0x000000000000b247        0x1 
 .text          0x000000000000b248      0x44e build/d_iwad.o
                0x000000000000b248                D_FindWADByName
                0x000000000000b373                D_TryFindWADByName
                0x000000000000b385                D_FindIWAD
                0x000000000000b58a                D_FindAllIWADs
                0x000000000000b601                D_SaveGameIWADName
                0x000000000000b62d                D_SuggestIWADName
                0x000000000000b65f                D_SuggestGameName
 *fill*         0x000000000000b696        0x2 
 .text          0x000000000000b698      0x61a build/d_loop.o
                0x000000000000b698                NetUpdate
                0x000000000000b849                D_ReceiveTic
                0x000000000000b8e3                D_StartGameLoop
                0x000000000000b930                D_StartNetGame
                0x000000000000b967                D_InitNetGame
                0x000000000000b989                D_QuitNetGame
                0x000000000000b98a                TryRunTics
                0x000000000000bcaa                D_RegisterLoopCallbacks
 *fill*         0x000000000000bcb2        0x2 
 .text          0x000000000000bcb4     0x1632 build/d_main.o
                0x000000000000bcb4                D_ProcessEvents
                0x000000000000bcef                D_Display
                0x000000000000c07f                D_PageDrawer
                0x000000000000c09e                D_BindVariables
                0x000000000000c21c                D_GrabMouseCallback
                0x000000000000c25d                doomgeneric_Tick
                0x000000000000c29d                D_DoomLoop
                0x000000000000c34c                D_PageTicker
                0x000000000000c36b                D_AdvanceDemo
                0x000000000000c376                D_DoAdvanceDemo
                0x000000000000c51f                D_StartTitle
                0x000000000000c541                D_IdentifyVersion
                0x000000000000c6f2                D_SetGameDescription
                0x000000000000c7b1                PrintDehackedBanners
                0x000000000000c7b2                PrintGameVersion
                0x000000000000c7fb                D_DoomMain
 *fill*         0x000000000000d2e6        0x2 
 .text          0x000000000000d2e8      0x148 build/d_mode.o
                0x000000000000d2e8                D_ValidGameMode
                0x000000000000d314                D_ValidEpisodeMap
                0x000000000000d389                D_GetNumEpisodes
                0x000000000000d3b8                D_ValidGameVersion
                0x000000000000d3fc                D_IsEpisodeMap
                0x000000000000d411                D_GameMissionString
 .text          0x000000000000d430      0x46d build/d_net.o
                0x000000000000d430                D_ConnectNetGame
                0x000000000000d545                D_CheckNetGame
 *fill*         0x000000000000d89d        0x3 
 .text          0x000000000000d8a0      0xc37 build/f_finale.o
                0x000000000000d8a0                F_StartFinale
                0x000000000000d991                F_Responder
                0x000000000000d9a1                F_CastResponder
                0x000000000000da27                F_Ticker
                0x000000000000db02                F_StartCast
                0x000000000000db7d                F_CastTicker
                0x000000000000dfb5                F_TextWrite
                0x000000000000e0e3                F_CastPrint
                0x000000000000e1a4                F_CastDrawer
                0x000000000000e246                F_DrawPatchCol
                0x000000000000e2ae                F_BunnyScroll
                0x000000000000e44e                F_Drawer
 *fill*         0x000000000000e4d7        0x1 
 .text          0x000000000000e4d8      0x4c6 build/f_wipe.o
                0x000000000000e4d8                wipe_shittyColMajorXform
                0x000000000000e56b                wipe_initColorXForm
                0x000000000000e58f                wipe_doColorXForm
                0x000000000000e602                wipe_exitColorXForm
                0x000000000000e605                wipe_initMelt
                0x000000000000e6f9                wipe_doMelt
                0x000000000000e85e                wipe_exitMelt
                0x000000000000e887                wipe_StartScreen
                0x000000000000e8ac                wipe_EndScreen
                0x000000000000e900                wipe_ScreenWipe
 *fill*         0x000000000000e99e        0x2 
 .text          0x000000000000e9a0     0x25ef build/g_game.o
                0x000000000000e9a0                G_CmdChecksum
                0x000000000000e9a9                G_BuildTiccmd
                0x000000000000f133                G_DoLoadLevel
                0x000000000000f2f1                G_Responder
                0x000000000000f632                G_Ticker
                0x000000000000fa11                G_DoReborn
                0x000000000000fae3                G_DoNewGame
                0x000000000000fb4f                G_DoLoadGame
                0x000000000000fc1b                G_DoSaveGame
                0x000000000000fd7d                G_DoPlayDemo
                0x000000000000ff9f                G_DoCompleted
                0x0000000000010279                G_DoWorldDone
                0x00000000000102a7                G_ReadDemoTiccmd
                0x0000000000010327                G_WriteDemoTiccmd
                0x0000000000010474                G_InitPlayer
                0x0000000000010479                G_PlayerReborn
                0x000000000001055a                G_PlayerFinishLevel
                0x000000000001059e                G_CheckSpot
                0x00000000000107b0                G_DeathMatchSpawnPlayer
                0x0000000000010857                G_ScreenShot
                0x0000000000010862                G_ExitLevel
                0x0000000000010877                G_SecretExitLevel
                0x00000000000108b3                G_WorldDone
                0x000000000001091f                G_LoadGame
                0x0000000000010940                G_InitNew
                0x0000000000010b5f                G_SaveGame
                0x0000000000010b83                G_DeferedInitNew
                0x0000000000010ba0                G_CheckDemoStatus
                0x0000000000010cde                G_RecordDemo
                0x0000000000010d90                G_VanillaVersionCode
                0x0000000000010ddc                G_BeginRecording
                0x0000000000010f40                G_DeferedPlayDemo
                0x0000000000010f52                G_TimeDemo
 *fill*         0x0000000000010f8f        0x1 
 .text          0x0000000000010f90      0x6d8 build/hu_lib.o
                0x0000000000010f90                HUlib_init
                0x0000000000010f91                HUlib_clearTextLine
                0x0000000000010fa4                HUlib_initTextLine
                0x0000000000010fc4                HUlib_addCharToTextLine
                0x0000000000010ff1                HUlib_delCharFromTextLine
                0x0000000000011016                HUlib_drawTextLine
                0x00000000000110ea                HUlib_eraseTextLine
                0x00000000000111b5                HUlib_initSText
                0x0000000000011222                HUlib_addLineToSText
                0x000000000001136b                HUlib_addMessageToSText
                0x0000000000011421                HUlib_drawSText
                0x000000000001147a                HUlib_eraseSText
                0x00000000000114de                HUlib_initIText
                0x000000000001150d                HUlib_delCharFromIText
                0x000000000001152f                HUlib_eraseLineFromIText
                0x0000000000011559                HUlib_resetIText
                0x000000000001156d                HUlib_addPrefixToIText
                0x00000000000115aa                HUlib_keyInIText
                0x0000000000011621                HUlib_drawIText
                0x0000000000011635                HUlib_eraseIText
 .text          0x0000000000011668      0x951 build/hu_stuff.o
                0x0000000000011668                HU_Init
                0x00000000000116f4                HU_Stop
                0x00000000000116fc                HU_Start
                0x000000000001191e                HU_Drawer
                0x0000000000011954                HU_Erase
                0x000000000001197a                HU_Ticker
                0x0000000000011b75                HU_queueChatChar
                0x0000000000011bb2                HU_dequeueChatChar
                0x0000000000011bda                HU_Responder
 *fill*         0x0000000000011fb9        0x3 
 .text          0x0000000000011fbc        0x1 build/i_endoom.o
                0x0000000000011fbc                I_Endoom
 *fill*         0x0000000000011fbd        0x3 
 .text          0x0000000000011fc0      0x116 build/i_joystick.o
                0x0000000000011fc0                I_ShutdownJoystick
                0x0000000000011fc1                I_InitJoystick
                0x0000000000011fc2                I_UpdateJoystick
                0x0000000000011fc3                I_BindJoystickVariables
 *fill*         0x00000000000120d6        0x2 
 .text          0x00000000000120d8      0x102 build/i_sound.o
                0x00000000000120d8                I_InitSound
                0x00000000000120fe                I_ShutdownSound
                0x00000000000120ff                I_GetSfxLumpNum
                0x0000000000012102                I_UpdateSound
                0x0000000000012103                I_UpdateSoundParams
                0x0000000000012104                I_StartSound
                0x0000000000012107                I_StopSound
                0x0000000000012108                I_SoundIsPlaying
                0x000000000001210b                I_PrecacheSounds
                0x000000000001210c                I_InitMusic
                0x000000000001210d                I_ShutdownMusic
                0x000000000001210e                I_SetMusicVolume
                0x000000000001210f                I_PauseSong
                0x0000000000012110                I_ResumeSong
                0x0000000000012111                I_RegisterSong
                0x0000000000012114                I_UnRegisterSong
                0x0000000000012115                I_PlaySong
                0x0000000000012116                I_StopSong
                0x0000000000012117                I_MusicIsPlaying
                0x000000000001211a                I_BindSoundVariables
 *fill*         0x00000000000121da        0x2 
 .text          0x00000000000121dc      0x573 build/i_system.o
                0x00000000000121dc                I_AtExit
                0x000000000001220f                I_Tactile
                0x0000000000012210                I_ZoneBase
                0x000000000001229f                I_PrintBanner
                0x00000000000122df                I_PrintDivider
                0x00000000000122fe                I_PrintStartupBanner
                0x0000000000012326                I_ConsoleStdout
                0x0000000000012329                I_Quit
                0x0000000000012340                I_Error
                0x0000000000012588                I_GetMemoryValue
 *fill*         0x000000000001274f        0x1 
 .text          0x0000000000012750       0x58 build/i_timer.o
                0x0000000000012750                I_GetTicks
                0x0000000000012757                I_GetTime
                0x0000000000012783                I_GetTimeMS
                0x00000000000127a1                I_Sleep
                0x00000000000127a6                I_WaitVBL
                0x00000000000127a7                I_InitTimer
 .text          0x00000000000127a8       0x97 build/m_argv.o
                0x00000000000127a8                M_CheckParmWithArgs
                0x00000000000127fc                M_ParmExists
                0x000000000001280f                M_CheckParm
                0x0000000000012816                M_FindResponseFile
                0x0000000000012817                M_GetExecutableName
 *fill*         0x000000000001283f        0x1 
 .text          0x0000000000012840       0x33 build/m_bbox.o
                0x0000000000012840                M_ClearBox
                0x000000000001284b                M_AddToBox
 *fill*         0x0000000000012873        0x1 
 .text          0x0000000000012874       0xbe build/m_cheat.o
                0x0000000000012874                cht_CheckCheat
                0x000000000001291f                cht_GetParam
 *fill*         0x0000000000012932        0x2 
 .text          0x0000000000012934      0x387 build/m_config.o
                0x0000000000012934                M_SetConfigFilenames
                0x0000000000012943                M_SaveDefaults
                0x0000000000012944                M_SaveDefaultsAlternate
                0x0000000000012945                M_LoadDefaults
                0x0000000000012a15                M_BindVariable
                0x0000000000012a7f                M_SetVariable
                0x0000000000012b27                M_GetIntVariable
                0x0000000000012b4b                M_GetStrVariable
                0x0000000000012b6f                M_GetFloatVariable
                0x0000000000012b93                M_SetConfigDir
                0x0000000000012bd8                M_GetSaveGameDir
 *fill*         0x0000000000012cbb        0x1 
 .text          0x0000000000012cbc      0x978 build/m_controls.o
                0x0000000000012cbc                M_BindBaseControls
                0x0000000000012ebf                M_BindHereticControls
                0x0000000000012f6c                M_BindHexenControls
                0x000000000001303f                M_BindStrifeControls
                0x00000000000131ca                M_BindWeaponControls
                0x00000000000132d6                M_BindMapControls
                0x00000000000133bc                M_BindMenuControls
                0x0000000000013599                M_BindChatControls
                0x0000000000013633                M_ApplyPlatformDefaults
 .text          0x0000000000013634       0x44 build/m_fixed.o
                0x0000000000013634                FixedMul
                0x0000000000013643                FixedDiv
 .text          0x0000000000013678     0x2178 build/m_menu.o
                0x0000000000013678                M_NewGame
                0x000000000001371d                M_Options
                0x000000000001373a                M_LoadGame
                0x00000000000137a8                M_SaveGame
                0x0000000000013823                M_ReadThis
                0x0000000000013840                M_QuitDOOM
                0x00000000000138d4                M_DrawMainMenu
                0x00000000000138f9                M_Episode
                0x00000000000139a3                M_DrawEpisode
                0x00000000000139c8                M_ChooseSkill
                0x0000000000013a28                M_DrawNewGame
                0x0000000000013a70                M_EndGame
                0x0000000000013b06                M_ChangeMessages
                0x0000000000013b56                M_ChangeDetail
                0x0000000000013bae                M_SizeDisplay
                0x0000000000013c07                M_ChangeSensitivity
                0x0000000000013c32                M_Sound
                0x0000000000013c4f                M_DrawOptions
                0x0000000000013d3e                M_ReadThis2
                0x0000000000013d90                M_DrawReadThis1
                0x0000000000013e5b                M_FinishReadThis
                0x0000000000013e78                M_DrawReadThis2
                0x0000000000013ea1                M_SfxVol
                0x0000000000013ed6                M_MusicVol
                0x0000000000013f0b                M_DrawSound
                0x0000000000013f78                M_LoadSelect
                0x0000000000013fdc                M_DrawLoad
                0x0000000000014052                M_SaveSelect
                0x00000000000140af                M_DrawSave
                0x0000000000014173                M_ReadSaveStrings
                0x0000000000014254                M_DrawSaveLoadBorder
                0x00000000000142e2                M_WriteText
                0x0000000000014362                M_ClearMenus
                0x000000000001436d                M_StartMessage
                0x000000000001439f                M_SetupNextMenu
                0x00000000000143b2                M_StringWidth
                0x0000000000014413                M_DoSave
                0x0000000000014448                M_QuickSaveResponse
                0x0000000000014498                M_QuickSave
                0x0000000000014591                M_StartControlPanel
                0x00000000000145c2                M_QuickLoadResponse
                0x00000000000145e7                M_QuickLoad
                0x0000000000014684                M_DrawThermo
                0x000000000001473b                M_VerifyNightmare
                0x000000000001476d                M_EndGameResponse
                0x000000000001479a                M_QuitResponse
                0x00000000000147ff                M_DrawEmptyCell
                0x0000000000014838                M_DrawSelCell
                0x0000000000014871                M_StopMessage
                0x0000000000014888                M_StringHeight
                0x00000000000148cd                M_Responder
                0x000000000001548f                M_Drawer
                0x0000000000015711                M_Ticker
                0x0000000000015738                M_Init
 .text          0x00000000000157f0      0x81c build/m_misc.o
                0x00000000000157f0                M_MakeDirectory
                0x00000000000157fa                M_FileExists
                0x000000000001582d                M_FileLength
                0x000000000001586d                M_WriteFile
                0x00000000000158c5                M_ReadFile
                0x0000000000015968                M_TempFile
                0x0000000000015982                M_StringJoin
                0x0000000000015b41                M_StrToInt
                0x0000000000015bbc                M_ExtractFileBase
                0x0000000000015c32                M_ForceUppercase
                0x0000000000015c67                M_StrCaseStr
                0x0000000000015cc6                M_StringDuplicate
                0x0000000000015cfe                M_StringReplace
                0x0000000000015e04                M_StringCopy
                0x0000000000015e3f                M_StringConcat
                0x0000000000015e72                M_StringStartsWith
                0x0000000000015eb1                M_StringEndsWith
                0x0000000000015ef6                M_vsnprintf
                0x0000000000015f2b                M_snprintf
 .text          0x000000000001600c       0x49 build/m_random.o
                0x000000000001600c                P_Random
                0x0000000000016029                M_Random
                0x0000000000016046                M_ClearRandom
 *fill*         0x0000000000016055        0x3 
 .text          0x0000000000016058      0x3ef build/p_ceilng.o
                0x0000000000016058                T_MoveCeiling
                0x00000000000161af                P_RemoveActiveCeiling
                0x00000000000161f0                EV_DoCeiling
                0x0000000000016390                P_ActivateInStasisCeiling
                0x00000000000163d3                P_AddActiveCeiling
                0x00000000000163f5                EV_CeilingCrushStop
 *fill*         0x0000000000016447        0x1 
 .text          0x0000000000016448      0x783 build/p_doors.o
                0x0000000000016448                T_VerticalDoor
                0x00000000000165dc                EV_DoLockedDoor
                0x0000000000016683                EV_DoDoor
                0x000000000001687f                EV_VerticalDoor
                0x0000000000016af6                P_SpawnDoorCloseIn30
                0x0000000000016b52                P_SpawnDoorRaiseIn5Mins
 *fill*         0x0000000000016bcb        0x1 
 .text          0x0000000000016bcc     0x211c build/p_enemy.o
                0x0000000000016bcc                P_RecursiveSound
                0x0000000000016ca0                P_NoiseAlert
                0x0000000000016cbe                P_CheckMeleeRange
                0x0000000000016d1a                P_CheckMissileRange
                0x0000000000016dff                P_Move
                0x0000000000016f30                P_TryWalk
                0x0000000000016f56                P_NewChaseDir
                0x000000000001714f                P_LookForPlayers
                0x0000000000017248                A_KeenDie
                0x00000000000172d2                A_Fall
                0x00000000000172da                A_Look
                0x00000000000173aa                A_Chase
                0x00000000000175bb                A_FaceTarget
                0x0000000000017613                A_PosAttack
                0x00000000000176af                A_SPosAttack
                0x0000000000017755                A_CPosAttack
                0x00000000000177f1                A_CPosRefire
                0x000000000001783a                A_SpidRefire
                0x0000000000017883                A_BspiAttack
                0x00000000000178ac                A_TroopAttack
                0x000000000001791a                A_SargAttack
                0x0000000000017977                A_HeadAttack
                0x00000000000179ec                A_CyberAttack
                0x0000000000017a15                A_BruisAttack
                0x0000000000017a7f                A_SkelMissile
                0x0000000000017ad7                A_Tracer
                0x0000000000017c44                A_SkelWhoosh
                0x0000000000017c66                A_SkelFist
                0x0000000000017ce1                PIT_VileCheck
                0x0000000000017d7e                A_VileChase
                0x0000000000017f10                A_VileStart
                0x0000000000017f1a                A_StartFire
                0x0000000000017f31                A_Fire
                0x0000000000017fd9                A_FireCrackle
                0x0000000000017ff0                A_VileTarget
                0x0000000000018042                A_VileAttack
                0x0000000000018134                A_FatRaise
                0x000000000001814b                A_FatAttack1
                0x00000000000181e3                A_FatAttack2
                0x000000000001827f                A_FatAttack3
                0x0000000000018367                A_SkullAttack
                0x0000000000018425                A_PainShootSkull
                0x0000000000018540                A_PainAttack
                0x0000000000018560                A_PainDie
                0x0000000000018599                A_Scream
                0x0000000000018608                A_XScream
                0x0000000000018612                A_Pain
                0x0000000000018625                A_Explode
                0x0000000000018636                A_BossDeath
                0x00000000000188d7                A_Hoof
                0x00000000000188ee                A_Metal
                0x0000000000018905                A_BabyMetal
                0x000000000001891c                A_OpenShotgun2
                0x0000000000018929                A_LoadShotgun2
                0x0000000000018936                A_CloseShotgun2
                0x000000000001895f                A_BrainAwake
                0x00000000000189bd                A_BrainPain
                0x00000000000189c9                A_BrainScream
                0x0000000000018a7a                A_BrainExplode
                0x0000000000018af9                A_BrainDie
                0x0000000000018afe                A_BrainSpit
                0x0000000000018b96                A_SpawnSound
                0x0000000000018bad                A_SpawnFly
                0x0000000000018cbe                A_PlayerScream
 .text          0x0000000000018ce8      0x7cc build/p_floor.o
                0x0000000000018ce8                T_MovePlane
                0x0000000000018e0e                T_MoveFloor
                0x0000000000018eb0                EV_DoFloor
                0x00000000000192cb                EV_BuildStairs
 .text          0x00000000000194b4      0xeb5 build/p_inter.o
                0x00000000000194b4                P_GiveAmmo
                0x00000000000195f1                P_GiveWeapon
                0x0000000000019704                P_GiveBody
                0x000000000001972d                P_GiveArmor
                0x0000000000019743                P_GiveCard
                0x0000000000019760                P_GivePower
                0x00000000000197ea                P_TouchSpecialThing
                0x0000000000019ebe                P_KillMobj
                0x000000000001a06e                P_DamageMobj
 *fill*         0x000000000001a369        0x3 
 .text          0x000000000001a36c      0x42e build/p_lights.o
                0x000000000001a36c                T_FireFlicker
                0x000000000001a3a4                P_SpawnFireFlicker
                0x000000000001a403                T_LightFlash
                0x000000000001a441                P_SpawnLightFlash
                0x000000000001a4b2                T_StrobeFlash
                0x000000000001a4e3                P_SpawnStrobeFlash
                0x000000000001a56c                EV_StartLightStrobing
                0x000000000001a5c2                EV_TurnTagLightsOff
                0x000000000001a652                EV_LightTurnOn
                0x000000000001a6e9                T_Glow
                0x000000000001a73a                P_SpawnGlowingLight
 *fill*         0x000000000001a79a        0x2 
 .text          0x000000000001a79c     0x1635 build/p_map.o
                0x000000000001a79c                PIT_StompThing
                0x000000000001a81d                P_TeleportMove
                0x000000000001a9bd                PIT_CheckLine
                0x000000000001ab8a                PIT_CheckThing
                0x000000000001ad2a                P_CheckPosition
                0x000000000001af3b                P_TryMove
                0x000000000001b0ae                P_ThingHeightClip
                0x000000000001b107                P_HitSlideLine
                0x000000000001b1f6                PTR_SlideTraverse
                0x000000000001b2bc                P_SlideMove
                0x000000000001b49c                PTR_AimTraverse
                0x000000000001b628                PTR_ShootTraverse
                0x000000000001b933                P_AimLineAttack
                0x000000000001b9e6                P_LineAttack
                0x000000000001ba6b                PTR_UseTraverse
                0x000000000001bad6                P_UseLines
                0x000000000001bb22                PIT_RadiusAttack
                0x000000000001bbb6                P_RadiusAttack
                0x000000000001bc6d                PIT_ChangeSector
                0x000000000001bd56                P_ChangeSector
 *fill*         0x000000000001bdd1        0x3 
 .text          0x000000000001bdd4      0xb61 build/p_maputl.o
                0x000000000001bdd4                P_AproxDistance
                0x000000000001bdef                P_PointOnLineSide
                0x000000000001be62                P_BoxOnLineSide
                0x000000000001bf1e                P_PointOnDivlineSide
                0x000000000001bfa9                P_MakeDivline
                0x000000000001bfbc                P_InterceptVector
                0x000000000001c036                P_LineOpening
                0x000000000001c07e                P_UnsetThingPosition
                0x000000000001c12e                P_SetThingPosition
                0x000000000001c1e9                P_BlockLinesIterator
                0x000000000001c2b3                P_BlockThingsIterator
                0x000000000001c317                PIT_AddLineIntercepts
                0x000000000001c4ad                PIT_AddThingIntercepts
                0x000000000001c5af                P_TraverseIntercepts
                0x000000000001c638                P_PathTraverse
 *fill*         0x000000000001c935        0x3 
 .text          0x000000000001c938     0x11ec build/p_mobj.o
                0x000000000001c938                P_SetMobjState
                0x000000000001c9ab                P_RemoveMobj
                0x000000000001ca42                P_ExplodeMissile
                0x000000000001cab0                P_XYMovement
                0x000000000001cd58                P_ZMovement
                0x000000000001ceff                P_NightmareRespawn
                0x000000000001d016                P_SpawnMobj
                0x000000000001d15a                P_MobjThinker
                0x000000000001d213                P_RespawnSpecials
                0x000000000001d340                P_SpawnPlayer
                0x000000000001d506                P_SpawnMapThing
                0x000000000001d732                P_SpawnPuff
                0x000000000001d7c4                P_SpawnBlood
                0x000000000001d85c                P_CheckMissileSpawn
                0x000000000001d8c5                P_SubstNullMobj
                0x000000000001d8ef                P_SpawnMissile
                0x000000000001d9f8                P_SpawnPlayerMissile
 .text          0x000000000001db24      0x4e5 build/p_plats.o
                0x000000000001db24                T_PlatRaise
                0x000000000001dc5e                P_RemoveActivePlat
                0x000000000001dcb0                EV_DoPlat
                0x000000000001df59                P_ActivateInStasis
                0x000000000001df96                P_AddActivePlat
                0x000000000001dfc5                EV_StopPlat
 *fill*         0x000000000001e009        0x3 
 .text          0x000000000001e00c      0xc7a build/p_pspr.o
                0x000000000001e00c                P_SetPsprite
                0x000000000001e093                P_CalcSwing
                0x000000000001e0e4                P_BringUpWeapon
                0x000000000001e144                P_CheckAmmo
                0x000000000001e264                P_FireWeapon
                0x000000000001e2a8                P_DropWeapon
                0x000000000001e2c1                A_WeaponReady
                0x000000000001e3f9                A_ReFire
                0x000000000001e428                A_CheckReload
                0x000000000001e42d                A_Lower
                0x000000000001e46b                A_Raise
                0x000000000001e49f                A_GunFlash
                0x000000000001e4d0                A_Punch
                0x000000000001e598                A_Saw
                0x000000000001e6a8                A_FireMissile
                0x000000000001e6e4                A_FireBFG
                0x000000000001e721                A_FirePlasma
                0x000000000001e786                P_BulletSlope
                0x000000000001e7f5                P_GunShot
                0x000000000001e86c                A_FirePistol
                0x000000000001e8e8                A_FireShotgun
                0x000000000001e96a                A_FireShotgun2
                0x000000000001ea7b                A_FireCGun
                0x000000000001eb44                A_Light0
                0x000000000001eb4f                A_Light1
                0x000000000001eb5a                A_Light2
                0x000000000001eb65                A_BFGSpray
                0x000000000001ebfe                A_BFGsound
                0x000000000001ec0b                P_SetupPsprites
                0x000000000001ec29                P_MovePsprites
 *fill*         0x000000000001ec86        0x2 
 .text          0x000000000001ec88     0x1d7c build/p_saveg.o
                0x000000000001ec88                P_TempSaveGameFile
                0x000000000001ecbc                P_SaveGameFile
                0x000000000001ed6b                P_WriteSaveGameHeader
                0x000000000001ef05                P_ReadSaveGameHeader
                0x000000000001f0a5                P_ReadSaveGameEOF
                0x000000000001f0b6                P_WriteSaveGameEOF
                0x000000000001f0c0                P_ArchivePlayers
                0x000000000001f44c                P_UnArchivePlayers
                0x000000000001f7ee                P_ArchiveWorld
                0x000000000001fa2a                P_UnArchiveWorld
                0x000000000001fc94                P_ArchiveThinkers
                0x000000000001feee                P_UnArchiveThinkers
                0x0000000000020200                P_ArchiveSpecials
                0x0000000000020536                P_UnArchiveSpecials
 .text          0x0000000000020a04     0x102c build/p_setup.o
                0x0000000000020a04                P_LoadVertexes
                0x0000000000020a74                GetSectorAtNullAddress
                0x0000000000020af5                P_LoadSegs
                0x0000000000020c71                P_LoadSubsectors
                0x0000000000020cfb                P_LoadSectors
                0x0000000000020de7                P_LoadNodes
                0x0000000000020eab                P_LoadThings
                0x0000000000020f85                P_LoadLineDefs
                0x000000000002119d                P_LoadSideDefs
                0x0000000000021294                P_LoadBlockMap
                0x0000000000021323                P_GroupLines
                0x00000000000215c4                P_SetupLevel
                0x0000000000021a18                P_Init
 .text          0x0000000000021a30      0x48c build/p_sight.o
                0x0000000000021a30                P_DivlineSide
                0x0000000000021a91                P_InterceptVector2
                0x0000000000021b0b                P_CrossSubsector
                0x0000000000021d41                P_CrossBSPNode
                0x0000000000021de7                P_CheckSight
 .text          0x0000000000021ebc     0x1075 build/p_spec.o
                0x0000000000021ebc                P_InitPicAnims
                0x0000000000021fb5                getSide
                0x0000000000021fee                getSector
                0x0000000000022028                twoSided
                0x000000000002204d                getNextSector
                0x0000000000022065                P_FindLowestFloorSurrounding
                0x00000000000220a4                P_FindHighestFloorSurrounding
                0x00000000000220ec                P_FindNextHighestFloor
                0x00000000000221c8                P_FindLowestCeilingSurrounding
                0x0000000000022211                P_FindHighestCeilingSurrounding
                0x0000000000022254                P_FindSectorFromLineTag
                0x000000000002229f                P_FindMinSurroundingLight
                0x00000000000222e0                P_CrossSpecialLine
                0x0000000000022747                P_ShootSpecialLine
                0x00000000000227bd                P_PlayerInSpecialSector
                0x00000000000228b2                P_UpdateSpecials
                0x0000000000022a53                EV_DoDonut
                0x0000000000022d56                P_SpawnSpecials
 *fill*         0x0000000000022f31        0x3 
 .text          0x0000000000022f34      0x5cd build/p_switch.o
                0x0000000000022f34                P_InitSwitchList
                0x0000000000022fde                P_StartButton
                0x000000000002304a                P_ChangeSwitchTexture
                0x00000000000231a1                P_UseSpecialLine
 *fill*         0x0000000000023501        0x3 
 .text          0x0000000000023504      0x1a6 build/p_telept.o
                0x0000000000023504                EV_Teleport
 *fill*         0x00000000000236aa        0x2 
 .text          0x00000000000236ac      0x135 build/p_tick.o
                0x00000000000236ac                P_InitThinkers
                0x00000000000236c2                P_AddThinker
                0x00000000000236e3                P_RemoveThinker
                0x00000000000236ec                P_AllocateThinker
                0x00000000000236ed                P_RunThinkers
                0x0000000000023741                P_Ticker
 *fill*         0x00000000000237e1        0x3 
 .text          0x00000000000237e4      0x4ef build/p_user.o
                0x00000000000237e4                P_Thrust
                0x000000000002382e                P_CalcHeight
                0x000000000002394c                P_MovePlayer
                0x00000000000239e7                P_DeathThink
                0x0000000000023ab6                P_PlayerThink
 *fill*         0x0000000000023cd3        0x1 
 .text          0x0000000000023cd4      0x578 build/r_bsp.o
                0x0000000000023cd4                R_ClearDrawSegs
                0x0000000000023ce3                R_ClipSolidWallSegment
                0x0000000000023dd9                R_ClipPassWallSegment
                0x0000000000023e47                R_ClearClipSegs
                0x0000000000023e7a                R_AddLine
                0x0000000000023fa1                R_CheckBBox
                0x00000000000240c2                R_Subsector
                0x00000000000241af                R_RenderBSPNode
 .text          0x000000000002424c      0xf1e build/r_data.o
                0x000000000002424c                R_DrawColumnInCache
                0x00000000000242be                R_GenerateComposite
                0x00000000000243fc                R_GenerateLookup
                0x00000000000245c4                R_GetColumn
                0x0000000000024635                R_InitTextures
                0x0000000000024b75                R_InitFlats
                0x0000000000024be6                R_InitSpriteLumps
                0x0000000000024cdf                R_InitColormaps
                0x0000000000024d01                R_InitData
                0x0000000000024d50                R_FlatNumForName
                0x0000000000024db6                R_CheckTextureNumForName
                0x0000000000024e0e                R_TextureNumForName
                0x0000000000024e3c                R_PrecacheLevel
 *fill*         0x000000000002516a        0x2 
 .text          0x000000000002516c      0xd82 build/r_draw.o
                0x000000000002516c                R_DrawColumn
                0x000000000002522f                R_DrawColumnLow
                0x0000000000025306                R_DrawFuzzColumn
                0x00000000000253f8                R_DrawFuzzColumnLow
                0x0000000000025521                R_DrawTranslatedColumn
                0x00000000000255ef                R_DrawTranslatedColumnLow
                0x00000000000256f0                R_InitTranslationTables
                0x000000000002577f                R_DrawSpan
                0x0000000000025865                R_DrawSpanLow
                0x0000000000025980                R_InitBuffer
                0x0000000000025afc                R_FillBackScreen
                0x0000000000025db5                R_VideoErase
                0x0000000000025ddc                R_DrawViewBorder
 *fill*         0x0000000000025eee        0x2 
 .text          0x0000000000025ef0      0xc79 build/r_main.o
                0x0000000000025ef0                R_AddPointToBox
                0x0000000000025f0f                R_PointOnSide
                0x0000000000025f8d                R_PointOnSegSide
                0x0000000000026010                R_PointToAngle
                0x0000000000026126                R_PointToAngle2
                0x000000000002613b                R_PointToDist
                0x000000000002619c                R_InitPointToAngle
                0x000000000002619d                R_ScaleFromGlobalAngle
                0x0000000000026225                R_InitTables
                0x0000000000026226                R_InitTextureMapping
                0x000000000002634a                R_InitLightTables
                0x00000000000263ed                R_SetViewSize
                0x0000000000026404                R_ExecuteSetViewSize
                0x0000000000026949                R_Init
                0x00000000000269d3                R_PointInSubsector
                0x0000000000026a46                R_SetupFrame
                0x0000000000026b20                R_RenderPlayerView
 *fill*         0x0000000000026b69        0x3 
 .text          0x0000000000026b6c      0xa9f build/r_plane.o
                0x0000000000026b6c                R_InitPlanes
                0x0000000000026b6d                R_MapPlane
                0x0000000000026d50                R_ClearPlanes
                0x00000000000270bc                R_FindPlane
                0x000000000002717a                R_CheckPlane
                0x0000000000027216                R_MakeSpans
                0x000000000002736a                R_DrawPlanes
 *fill*         0x000000000002760b        0x1 
 .text          0x000000000002760c      0xe9f build/r_segs.o
                0x000000000002760c                R_RenderMaskedSegRange
                0x0000000000027866                R_RenderSegLoop
                0x0000000000027bee                R_StoreWallRange
 *fill*         0x00000000000284ab        0x1 
 .text          0x00000000000284ac        0xb build/r_sky.o
                0x00000000000284ac                R_InitSkyMap
 *fill*         0x00000000000284b7        0x1 
 .text          0x00000000000284b8     0x1228 build/r_things.o
                0x00000000000284b8                R_InstallSpriteLump
                0x0000000000028656                R_InitSpriteDefs
                0x000000000002892c                R_InitSprites
                0x000000000002894f                R_ClearSprites
                0x000000000002895e                R_NewVisSprite
                0x0000000000028985                R_DrawMaskedColumn
                0x0000000000028ab2                R_DrawVisSprite
                0x0000000000028c0f                R_ProjectSprite
                0x0000000000028f1f                R_AddSprites
                0x0000000000028f89                R_DrawPSprite
                0x00000000000291b1                R_DrawPlayerSprites
                0x0000000000029251                R_SortVisSprites
                0x0000000000029367                R_DrawSprite
                0x000000000002964a                R_DrawMasked
 .text          0x00000000000296e0     0x13cf build/sha1.o
                0x00000000000296e0                SHA1_Init
                0x00000000000296fb                SHA1_Update
                0x000000000002a8f3                SHA1_Final
                0x000000000002aa45                SHA1_UpdateInt32
                0x000000000002aa87                SHA1_UpdateString
 *fill*         0x000000000002aaaf        0x1 
 .text          0x000000000002aab0       0x27 build/statdump.o
                0x000000000002aab0                StatCopy
                0x000000000002aad6                StatDump
 *fill*         0x000000000002aad7        0x1 
 .text          0x000000000002aad8      0x3f2 build/st_lib.o
                0x000000000002aad8                STlib_init
                0x000000000002aaf3                STlib_initNum
                0x000000000002ab13                STlib_drawNum
                0x000000000002ac9a                STlib_updateNum
                0x000000000002aca8                STlib_initPercent
                0x000000000002accb                STlib_updatePercent
                0x000000000002acfe                STlib_initMultIcon
                0x000000000002ad17                STlib_updateMultIcon
                0x000000000002adf0                STlib_initBinIcon
                0x000000000002ae09                STlib_updateBinIcon
 *fill*         0x000000000002aeca        0x2 
 .text          0x000000000002aecc     0x1d18 build/st_stuff.o
                0x000000000002aecc                ST_refreshBackground
                0x000000000002af3d                ST_Responder
                0x000000000002b633                ST_calcPainOffset
                0x000000000002b682                ST_updateFaceWidget
                0x000000000002bb87                ST_updateWidgets
                0x000000000002bc76                ST_Ticker
                0x000000000002bc9f                ST_doPaletteStuff
                0x000000000002bd69                ST_drawWidgets
                0x000000000002be7a                ST_doRefresh
                0x000000000002be95                ST_diffDraw
                0x000000000002be9c                ST_Drawer
                0x000000000002bef7                ST_loadGraphics
                0x000000000002c2bf                ST_loadData
                0x000000000002c2d8                ST_unloadGraphics
                0x000000000002c684                ST_unloadData
                0x000000000002c689                ST_initData
                0x000000000002c71d                ST_createWidgets
                0x000000000002cad3                ST_Start
                0x000000000002cb84                ST_Stop
                0x000000000002cbb2                ST_Init
 .text          0x000000000002cbe4      0x8c5 build/s_sound.o
                0x000000000002cbe4                S_Init
                0x000000000002cd2b                S_SetSfxVolume
                0x000000000002cd4e                S_SetMusicVolume
                0x000000000002cd71                S_Shutdown
                0x000000000002cd7d                S_Start
                0x000000000002ce76                S_ChangeMusic
                0x000000000002cf70                S_StopSound
                0x000000000002cfa7                S_StartSound
                0x000000000002d2f6                S_PauseSound
                0x000000000002d31b                S_ResumeSound
                0x000000000002d340                S_UpdateSounds
                0x000000000002d447                S_StartMusic
                0x000000000002d44e                S_StopMusic
                0x000000000002d4a4                S_MusicPlaying
 *fill*         0x000000000002d4a9        0x3 
 .text          0x000000000002d4ac       0x25 build/tables.o
                0x000000000002d4ac                SlopeDiv
 *fill*         0x000000000002d4d1        0x3 
 .text          0x000000000002d4d4      0xf39 build/v_video.o
                0x000000000002d4d4                V_MarkRect
                0x000000000002d536                V_CopyRect
                0x000000000002d61f                V_SetPatchClipCallback
                0x000000000002d627                V_DrawPatch
                0x000000000002d75d                V_DrawPatchFlipped
                0x000000000002d87b                V_DrawPatchDirect
                0x000000000002d880                V_DrawTLPatch
                0x000000000002d988                V_DrawXlaPatch
                0x000000000002da71                V_DrawAltTLPatch
                0x000000000002db79                V_DrawShadowedPatch
                0x000000000002dca1                V_LoadTintTable
                0x000000000002dcbc                V_LoadXlaTable
                0x000000000002dcd7                V_DrawBlock
                0x000000000002dd74                V_DrawFilledBox
                0x000000000002ddca                V_DrawHorizLine
                0x000000000002ddf1                V_DrawVertLine
                0x000000000002de1b                V_DrawBox
                0x000000000002deec                V_DrawRawScreen
                0x000000000002df00                V_Init
                0x000000000002df01                V_UseBuffer
                0x000000000002df09                V_RestoreBuffer
                0x000000000002df1b                WritePCXfile
                0x000000000002e024                V_ScreenShot
                0x000000000002e0d6                V_DrawMouseSpeedBox
 *fill*         0x000000000002e40d        0x3 
 .text          0x000000000002e410     0x259d build/wi_stuff.o
                0x000000000002e410                WI_slamBackground
                0x000000000002e420                WI_Responder
                0x000000000002e423                WI_drawLF
                0x000000000002e52f                WI_drawEL
                0x000000000002e59b                WI_drawOnLnode
                0x000000000002e672                WI_initAnimatedBack
                0x000000000002e73f                WI_updateAnimatedBack
                0x000000000002e869                WI_drawAnimatedBack
                0x000000000002e8ec                WI_drawNum
                0x000000000002e9cd                WI_drawPercent
                0x000000000002e9fe                WI_drawTime
                0x000000000002eac1                WI_End
                0x000000000002eac6                WI_unloadData
                0x000000000002ef7c                WI_initNoState
                0x000000000002ef98                WI_updateNoState
                0x000000000002efae                WI_initShowNextLoc
                0x000000000002efce                WI_updateShowNextLoc
                0x000000000002f01d                WI_drawShowNextLoc
                0x000000000002f0ec                WI_drawNoState
                0x000000000002f0fb                WI_fragSum
                0x000000000002f141                WI_initDeathmatchStats
                0x000000000002f1f7                WI_updateDeathmatchStats
                0x000000000002f426                WI_drawDeathmatchStats
                0x000000000002f621                WI_initNetgameStats
                0x000000000002f6d4                WI_updateNetgameStats
                0x000000000002fa9d                WI_drawNetgameStats
                0x000000000002fd4f                WI_initStats
                0x000000000002fd9c                WI_updateStats
                0x00000000000300ea                WI_drawStats
                0x000000000003020d                WI_checkForAccelerate
                0x000000000003027d                WI_Ticker
                0x0000000000030303                WI_loadData
                0x0000000000030874                WI_Drawer
                0x00000000000308c1                WI_initVariables
                0x0000000000030930                WI_Start
 *fill*         0x00000000000309ad        0x3 
 .text          0x00000000000309b0      0x149 build/w_checksum.o
                0x00000000000309b0                W_Checksum
 *fill*         0x0000000000030af9        0x3 
 .text          0x0000000000030afc       0x2c build/w_file.o
                0x0000000000030afc                W_OpenFile
                0x0000000000030b19                W_CloseFile
                0x0000000000030b1f                W_Read
 .text          0x0000000000030b28       0x8d build/w_main.o
                0x0000000000030b28                W_ParseCommandLine
 *fill*         0x0000000000030bb5        0x3 
 .text          0x0000000000030bb8      0x754 build/w_wad.o
                0x0000000000030bb8                W_LumpNameHash
                0x0000000000030c02                W_AddFile
                0x0000000000030e9f                W_NumLumps
                0x0000000000030ea6                W_CheckNumForName
                0x0000000000030f77                W_GetNumForName
                0x0000000000030fa4                W_LumpLength
                0x0000000000030fd2                W_ReadLump
                0x000000000003104c                W_CacheLumpNum
                0x0000000000031107                W_CacheLumpName
                0x0000000000031119                W_ReleaseLumpNum
                0x000000000003116c                W_ReleaseLumpName
                0x000000000003117a                W_GenerateHashTable
                0x0000000000031285                W_CheckCorrectIWAD
 .text          0x000000000003130c      0x678 build/z_zone.o
                0x000000000003130c                Z_ClearZone
                0x0000000000031343                Z_Init
                0x00000000000313bd                Z_Free
                0x0000000000031460                Z_Malloc
                0x00000000000315a1                Z_FreeTags
                0x00000000000315f2                Z_DumpHeap
                0x00000000000316db                Z_FileDumpHeap
                0x0000000000031814                Z_CheckHeap
                0x00000000000318c3                Z_ChangeTag2
                0x000000000003191e                Z_ChangeUser
                0x000000000003194e                Z_FreeMemory
                0x000000000003197a                Z_ZoneSize
 .text          0x0000000000031984       0xa8 build/w_file_stdc.o
                0x0000000000031984                W_StdC_Read
 .text          0x0000000000031a2c      0x143 build/i_input.o
                0x0000000000031a2c                I_GetEvent
                0x0000000000031b6e                I_InitInput
 *fill*         0x0000000000031b6f        0x1 
 .text          0x0000000000031b70      0x3fc build/i_video.o
                0x0000000000031b70                cmap_to_rgb565
                0x0000000000031bd6                cmap_to_fb
                0x0000000000031cb2                I_InitGraphics
                0x0000000000031dd8                I_ShutdownGraphics
                0x0000000000031de4                I_StartFrame
                0x0000000000031de5                I_StartTic
                0x0000000000031dea                I_UpdateNoBlit
                0x0000000000031deb                I_FinishUpdate
                0x0000000000031eac                I_ReadScreen
                0x0000000000031ebd                I_SetPalette
                0x0000000000031f13                I_GetPaletteIndex
                0x0000000000031f5f                I_BeginRead
                0x0000000000031f60                I_EndRead
                0x0000000000031f61                I_SetWindowTitle
                0x0000000000031f66                I_GraphicsCheckCommandLine
                0x0000000000031f67                I_SetGrabMouseCallback
                0x0000000000031f68                I_EnableLoadingDisk
                0x0000000000031f69                I_BindVideoVariables
                0x0000000000031f6a                I_DisplayFPSDots
                0x0000000000031f6b                I_CheckIsScreensaver
 .text          0x0000000000031f6c       0x37 build/doomgeneric.o
                0x0000000000031f6c                doomgeneric_Create
 *fill*         0x0000000000031fa3        0x1 
 .text          0x0000000000031fa4      0x41f build/doomgeneric_xlib.o
                0x0000000000031fa4                DG_Init
                0x0000000000032128                DG_DrawFrame
                0x00000000000322c7                DG_SleepMs
                0x00000000000322d2                DG_GetTicksMs
                0x0000000000032335                DG_GetKey
                0x000000000003236a                DG_SetWindowTitle
                0x00000000000323b4                main
 *(.gnu.warning)

.fini           0x00000000000323c4        0xd
 *(SORT_NONE(.fini))
 .fini          0x00000000000323c4        0x8 /usr/bin/../lib64/gcc/x86_64-pc-linux-gnu/14.1.1/../../../../lib64/crti.o
                0x00000000000323c4                _fini
 .fini          0x00000000000323cc        0x5 /usr/bin/../lib64/gcc/x86_64-pc-linux-gnu/14.1.1/../../../../lib64/crtn.o
                [!provide]                        PROVIDE (__etext = .)
                [!provide]                        PROVIDE (_etext = .)
                [!provide]                        PROVIDE (etext = .)
                0x0000000000033000                . = ALIGN (CONSTANT (MAXPAGESIZE))
                0x0000000000033000                . = SEGMENT_START ("rodata-segment", (ALIGN (CONSTANT (MAXPAGESIZE)) + (. & (CONSTANT (MAXPAGESIZE) - 0x1))))

.rodata         0x0000000000033000    0x18510
 *(.rodata .rodata.* .gnu.linkonce.r.*)
 .rodata.cst16  0x0000000000033000      0x150 build/am_map.o
                                        0x100 (size before relaxing)
 .rodata.str1.1
                0x0000000000033150     0x6eb1 build/am_map.o
                                         0x67 (size before relaxing)
 *fill*         0x000000000003a001        0xf 
 .rodata.cst32  0x000000000003a010       0x20 build/am_map.o
 .rodata.str1.1
                0x000000000003a030      0x328 build/dstrings.o
 .rodata.str1.1
                0x000000000003a030      0x1d3 build/d_iwad.o
 .rodata.str1.1
                0x000000000003a030       0x6e build/d_loop.o
 .rodata        0x000000000003a030       0xf4 build/d_main.o
 .rodata.cst16  0x000000000003a124       0x10 build/d_main.o
 .rodata.str1.1
                0x000000000003a124      0x995 build/d_main.o
 *fill*         0x000000000003a124        0xc 
 .rodata        0x000000000003a130      0x160 build/d_mode.o
 .rodata.str1.1
                0x000000000003a290       0x3c build/d_mode.o
 .rodata.cst16  0x000000000003a290       0x40 build/d_net.o
 .rodata.str1.1
                0x000000000003a290      0x16d build/d_net.o
 .rodata        0x000000000003a290       0x10 build/f_finale.o
 .rodata.str1.1
                0x000000000003a2a0     0x1f08 build/f_finale.o
 .rodata        0x000000000003a2a0       0xec build/g_game.o
 .rodata.cst16  0x000000000003a38c       0x20 build/g_game.o
 .rodata.cst4   0x000000000003a38c        0x8 build/g_game.o
                                          0x4 (size before relaxing)
 .rodata.str1.1
                0x000000000003a394      0x369 build/g_game.o
 .rodata.cst16  0x000000000003a394       0x40 build/hu_lib.o
 .rodata        0x000000000003a394       0x10 build/hu_stuff.o
 .rodata.str1.1
                0x000000000003a3a4      0xc0f build/hu_stuff.o
 .rodata.str1.1
                0x000000000003a3a4      0x2b2 build/info.o
 .rodata.str1.1
                0x000000000003a3a4       0xa7 build/i_joystick.o
 .rodata.str1.1
                0x000000000003a3a4       0x9f build/i_sound.o
 .rodata.str1.1
                0x000000000003a3a4      0x211 build/i_system.o
 .rodata        0x000000000003a3a4       0x1e build/i_system.o
 .rodata.cst16  0x000000000003a3c2       0x10 build/m_bbox.o
 *fill*         0x000000000003a3c2        0xe 
 .rodata        0x000000000003a3d0      0x220 build/m_config.o
 .rodata.str1.1
                0x000000000003a5f0      0xc1c build/m_config.o
 .rodata.str1.1
                0x000000000003a5f0      0x630 build/m_controls.o
 .rodata.str1.1
                0x000000000003a5f0      0x40f build/m_menu.o
 .rodata        0x000000000003a5f0       0x10 build/m_menu.o
 .rodata.str1.1
                0x000000000003a600       0xec build/m_misc.o
 .rodata        0x000000000003a600      0x100 build/m_random.o
 .rodata        0x000000000003a700       0x30 build/p_ceilng.o
 .rodata        0x000000000003a730       0x50 build/p_doors.o
 .rodata.str1.1
                0x000000000003a780      0x137 build/p_doors.o
 .rodata        0x000000000003a780       0x10 build/p_enemy.o
 .rodata.str1.1
                0x000000000003a790       0x3b build/p_enemy.o
 .rodata        0x000000000003a790       0x34 build/p_floor.o
 .rodata        0x000000000003a7c4       0xc4 build/p_inter.o
 .rodata.str1.1
                0x000000000003a888      0x3d7 build/p_inter.o
 .rodata.str1.1
                0x000000000003a888       0x72 build/p_map.o
 .rodata        0x000000000003a888       0x10 build/p_maputl.o
 .rodata.cst16  0x000000000003a898       0x40 build/p_mobj.o
 .rodata.str1.1
                0x000000000003a898       0x2d build/p_mobj.o
 .rodata        0x000000000003a898       0x14 build/p_plats.o
 .rodata.str1.1
                0x000000000003a8ac       0x45 build/p_plats.o
 .rodata        0x000000000003a8ac       0x20 build/p_saveg.o
 .rodata.str1.1
                0x000000000003a8cc       0xe1 build/p_saveg.o
 .rodata.cst16  0x000000000003a8cc       0x30 build/p_setup.o
 .rodata.str1.1
                0x000000000003a8cc       0x5a build/p_setup.o
 .rodata.str1.1
                0x000000000003a8cc       0x28 build/p_sight.o
 .rodata        0x000000000003a8cc      0x2a8 build/p_spec.o
 .rodata.str1.1
                0x000000000003ab74      0x242 build/p_spec.o
 .rodata        0x000000000003ab74      0x230 build/p_switch.o
 .rodata.str1.1
                0x000000000003ada4       0x25 build/p_switch.o
 .rodata.str1.1
                0x000000000003ada4       0x23 build/r_bsp.o
 .rodata.str1.1
                0x000000000003ada4      0x12e build/r_data.o
 .rodata.cst16  0x000000000003ada4       0x40 build/r_draw.o
 .rodata.str1.1
                0x000000000003ada4       0xa6 build/r_draw.o
 .rodata.cst16  0x000000000003ada4       0x60 build/r_main.o
 .rodata.cst16  0x000000000003ada4       0x60 build/r_plane.o
 .rodata.str1.1
                0x000000000003ada4       0xa6 build/r_plane.o
 .rodata.str1.1
                0x000000000003ada4       0x20 build/r_segs.o
 .rodata.str1.1
                0x000000000003ada4      0x1d2 build/r_things.o
 .rodata.cst16  0x000000000003ada4       0x10 build/sha1.o
 .rodata.str1.1
                0x000000000003ada4      0x191 build/sounds.o
 .rodata.str1.1
                0x000000000003ada4        0xa build/statdump.o
 .rodata.str1.1
                0x000000000003ada4       0x5b build/st_lib.o
 .rodata.cst16  0x000000000003ada4       0x70 build/st_stuff.o
 .rodata.str1.1
                0x000000000003ada4      0x1b9 build/st_stuff.o
 .rodata.cst16  0x000000000003ada4       0x30 build/s_sound.o
 *fill*         0x000000000003ada4        0xc 
 .rodata        0x000000000003adb0       0x24 build/s_sound.o
 .rodata.str1.1
                0x000000000003add4       0x69 build/s_sound.o
 *fill*         0x000000000003add4        0xc 
 .rodata        0x000000000003ade0    0x10510 build/tables.o
                0x000000000003ade0                finetangent
                0x000000000003ede0                finesine
                0x0000000000048de0                tantoangle
                0x000000000004adf0                gammatable
 .rodata.cst4   0x000000000004b2f0        0x4 build/v_video.o
 .rodata.cst16  0x000000000004b2f0       0x10 build/v_video.o
 .rodata.cst8   0x000000000004b2f0        0x8 build/v_video.o
 .rodata.str1.1
                0x000000000004b2f8      0x108 build/v_video.o
 *fill*         0x000000000004b2f8        0x8 
 .rodata        0x000000000004b300      0x170 build/wi_stuff.o
 .rodata.str1.1
                0x000000000004b470      0x10b build/wi_stuff.o
 .rodata.str4.16
                0x000000000004b470       0x10 build/wi_stuff.o
 .rodata.str1.1
                0x000000000004b480        0x6 build/w_file.o
 .rodata.str1.1
                0x000000000004b480       0x12 build/w_main.o
 .rodata.str1.1
                0x000000000004b480      0x1d6 build/w_wad.o
 .rodata.str1.1
                0x000000000004b480      0x323 build/z_zone.o
 .rodata.str1.1
                0x000000000004b480        0x3 build/w_file_stdc.o
 .rodata        0x000000000004b480       0x80 build/i_input.o
 .rodata.str1.1
                0x000000000004b500      0x15b build/i_video.o
 .rodata        0x000000000004b500       0x10 build/doomgeneric_xlib.o

.rodata1
 *(.rodata1)

.eh_frame_hdr   0x000000000004b510     0x1a2c
 *(.eh_frame_hdr)
 .eh_frame_hdr  0x000000000004b510     0x1a2c /usr/bin/../lib64/gcc/x86_64-pc-linux-gnu/14.1.1/../../../../lib64/Scrt1.o
                0x000000000004b510                __GNU_EH_FRAME_HDR
 *(.eh_frame_entry .eh_frame_entry.*)

.eh_frame       0x000000000004cf40     0x8598
 *(.eh_frame)
 .eh_frame      0x000000000004cf40       0x30 /usr/bin/../lib64/gcc/x86_64-pc-linux-gnu/14.1.1/../../../../lib64/Scrt1.o
                                         0x2c (size before relaxing)
 *fill*         0x000000000004cf70        0x0 
 .eh_frame      0x000000000004cf70       0x28 /usr/bin/../lib64/gcc/x86_64-pc-linux-gnu/14.1.1/../../../../lib64/Scrt1.o
                                         0x40 (size before relaxing)
 .eh_frame      0x000000000004cf98        0x0 /usr/bin/../lib64/gcc/x86_64-pc-linux-gnu/14.1.1/../../../../lib64/Scrt1.o
 .eh_frame      0x000000000004cf98        0x0 build/dummy.o
                                         0x30 (size before relaxing)
 .eh_frame      0x000000000004cf98      0x5b0 build/am_map.o
                                        0x5c8 (size before relaxing)
 .eh_frame      0x000000000004d548       0x28 build/d_event.o
                                         0x40 (size before relaxing)
 .eh_frame      0x000000000004d570      0x168 build/d_iwad.o
                                        0x180 (size before relaxing)
 .eh_frame      0x000000000004d6d8      0x130 build/d_loop.o
                                        0x148 (size before relaxing)
 .eh_frame      0x000000000004d808      0x280 build/d_main.o
                                        0x298 (size before relaxing)
 .eh_frame      0x000000000004da88       0x90 build/d_mode.o
                                         0xa8 (size before relaxing)
 .eh_frame      0x000000000004db18       0xc0 build/d_net.o
                                         0xd8 (size before relaxing)
 .eh_frame      0x000000000004dbd8      0x1e8 build/f_finale.o
                                        0x200 (size before relaxing)
 .eh_frame      0x000000000004ddc0      0x1a8 build/f_wipe.o
                                        0x1c0 (size before relaxing)
 .eh_frame      0x000000000004df68      0x5c8 build/g_game.o
                                        0x5e0 (size before relaxing)
 .eh_frame      0x000000000004e530      0x278 build/hu_lib.o
                                        0x290 (size before relaxing)
 .eh_frame      0x000000000004e7a8      0x180 build/hu_stuff.o
                                        0x198 (size before relaxing)
 .eh_frame      0x000000000004e928        0x0 build/i_cdmus.o
                                         0xd0 (size before relaxing)
 .eh_frame      0x000000000004e928       0x18 build/i_endoom.o
                                         0x30 (size before relaxing)
 .eh_frame      0x000000000004e940       0x78 build/i_joystick.o
                                         0x90 (size before relaxing)
 .eh_frame      0x000000000004e9b8        0x0 build/i_scale.o
                                        0x390 (size before relaxing)
 .eh_frame      0x000000000004e9b8      0x198 build/i_sound.o
                                        0x1b0 (size before relaxing)
 .eh_frame      0x000000000004eb50      0x188 build/i_system.o
                                        0x1a0 (size before relaxing)
 .eh_frame      0x000000000004ecd8       0x80 build/i_timer.o
                                         0x98 (size before relaxing)
 .eh_frame      0x000000000004ed58        0x0 build/memio.o
                                        0x128 (size before relaxing)
 .eh_frame      0x000000000004ed58       0x98 build/m_argv.o
                                         0xb0 (size before relaxing)
 .eh_frame      0x000000000004edf0       0x28 build/m_bbox.o
                                         0x40 (size before relaxing)
 .eh_frame      0x000000000004ee18       0x50 build/m_cheat.o
                                         0x68 (size before relaxing)
 .eh_frame      0x000000000004ee68      0x190 build/m_config.o
                                        0x1a8 (size before relaxing)
 .eh_frame      0x000000000004eff8      0x130 build/m_controls.o
                                        0x148 (size before relaxing)
 .eh_frame      0x000000000004f128       0x28 build/m_fixed.o
                                         0x40 (size before relaxing)
 .eh_frame      0x000000000004f150      0x6b0 build/m_menu.o
                                        0x6c8 (size before relaxing)
 .eh_frame      0x000000000004f800      0x390 build/m_misc.o
                                        0x3a8 (size before relaxing)
 .eh_frame      0x000000000004fb90       0x40 build/m_random.o
                                         0x58 (size before relaxing)
 .eh_frame      0x000000000004fbd0       0xf0 build/p_ceilng.o
                                        0x108 (size before relaxing)
 .eh_frame      0x000000000004fcc0      0x120 build/p_doors.o
                                        0x138 (size before relaxing)
 .eh_frame      0x000000000004fde0      0xa40 build/p_enemy.o
                                        0xa58 (size before relaxing)
 .eh_frame      0x0000000000050820      0x108 build/p_floor.o
                                        0x120 (size before relaxing)
 .eh_frame      0x0000000000050928      0x198 build/p_inter.o
                                        0x1b0 (size before relaxing)
 .eh_frame      0x0000000000050ac0      0x1d0 build/p_lights.o
                                        0x1e8 (size before relaxing)
 .eh_frame      0x0000000000050c90      0x430 build/p_map.o
                                        0x448 (size before relaxing)
 .eh_frame      0x00000000000510c0      0x318 build/p_maputl.o
                                        0x330 (size before relaxing)
 .eh_frame      0x00000000000513d8      0x408 build/p_mobj.o
                                        0x420 (size before relaxing)
 .eh_frame      0x00000000000517e0      0x100 build/p_plats.o
                                        0x118 (size before relaxing)
 .eh_frame      0x00000000000518e0      0x440 build/p_pspr.o
                                        0x458 (size before relaxing)
 .eh_frame      0x0000000000051d20      0x448 build/p_saveg.o
                                        0x460 (size before relaxing)
 .eh_frame      0x0000000000052168      0x298 build/p_setup.o
                                        0x2b0 (size before relaxing)
 .eh_frame      0x0000000000052400      0x110 build/p_sight.o
                                        0x128 (size before relaxing)
 .eh_frame      0x0000000000052510      0x330 build/p_spec.o
                                        0x348 (size before relaxing)
 .eh_frame      0x0000000000052840       0xd8 build/p_switch.o
                                         0xf0 (size before relaxing)
 .eh_frame      0x0000000000052918       0x40 build/p_telept.o
                                         0x58 (size before relaxing)
 .eh_frame      0x0000000000052958       0xa8 build/p_tick.o
                                         0xc0 (size before relaxing)
 .eh_frame      0x0000000000052a00       0xc0 build/p_user.o
                                         0xd8 (size before relaxing)
 .eh_frame      0x0000000000052ac0      0x190 build/r_bsp.o
                                        0x1a8 (size before relaxing)
 .eh_frame      0x0000000000052c50      0x280 build/r_data.o
                                        0x298 (size before relaxing)
 .eh_frame      0x0000000000052ed0      0x1f0 build/r_draw.o
                                        0x208 (size before relaxing)
 .eh_frame      0x00000000000530c0      0x268 build/r_main.o
                                        0x280 (size before relaxing)
 .eh_frame      0x0000000000053328      0x178 build/r_plane.o
                                        0x190 (size before relaxing)
 .eh_frame      0x00000000000534a0       0xf0 build/r_segs.o
                                        0x108 (size before relaxing)
 .eh_frame      0x0000000000053590       0x18 build/r_sky.o
                                         0x30 (size before relaxing)
 .eh_frame      0x00000000000535a8      0x2f0 build/r_things.o
                                        0x308 (size before relaxing)
 .eh_frame      0x0000000000053898      0x110 build/sha1.o
                                        0x128 (size before relaxing)
 .eh_frame      0x00000000000539a8       0x30 build/statdump.o
                                         0x48 (size before relaxing)
 .eh_frame      0x00000000000539d8      0x190 build/st_lib.o
                                        0x1a8 (size before relaxing)
 .eh_frame      0x0000000000053b68      0x2e0 build/st_stuff.o
                                        0x2f8 (size before relaxing)
 .eh_frame      0x0000000000053e48      0x260 build/s_sound.o
                                        0x278 (size before relaxing)
 .eh_frame      0x00000000000540a8       0x18 build/tables.o
                                         0x30 (size before relaxing)
 .eh_frame      0x00000000000540c0      0x408 build/v_video.o
                                        0x420 (size before relaxing)
 .eh_frame      0x00000000000544c8      0x658 build/wi_stuff.o
                                        0x670 (size before relaxing)
 .eh_frame      0x0000000000054b20       0x50 build/w_checksum.o
                                         0x68 (size before relaxing)
 .eh_frame      0x0000000000054b70       0x48 build/w_file.o
                                         0x60 (size before relaxing)
 .eh_frame      0x0000000000054bb8       0x48 build/w_main.o
                                         0x60 (size before relaxing)
 .eh_frame      0x0000000000054c00      0x260 build/w_wad.o
                                        0x278 (size before relaxing)
 .eh_frame      0x0000000000054e60      0x228 build/z_zone.o
                                        0x240 (size before relaxing)
 .eh_frame      0x0000000000055088       0x70 build/w_file_stdc.o
                                         0x88 (size before relaxing)
 .eh_frame      0x00000000000550f8       0x60 build/i_input.o
                                         0x78 (size before relaxing)
 .eh_frame      0x0000000000055158      0x218 build/i_video.o
                                        0x230 (size before relaxing)
 .eh_frame      0x0000000000055370       0x18 build/doomgeneric.o
                                         0x30 (size before relaxing)
 .eh_frame      0x0000000000055388      0x14c build/doomgeneric_xlib.o
                                        0x168 (size before relaxing)
 .eh_frame      0x00000000000554d4        0x4 /usr/bin/../lib64/gcc/x86_64-pc-linux-gnu/14.1.1/crtendS.o
 *(.eh_frame.*)

.sframe         0x00000000000554d8        0x0
 *(.sframe)
 .sframe        0x00000000000554d8        0x0 /usr/bin/../lib64/gcc/x86_64-pc-linux-gnu/14.1.1/../../../../lib64/Scrt1.o
 *(.sframe.*)

.gcc_except_table
 *(.gcc_except_table .gcc_except_table.*)

.gnu_extab
 *(.gnu_extab*)

.exception_ranges
 *(.exception_ranges*)
                0x00000000000567a0                . = DATA_SEGMENT_ALIGN (CONSTANT (MAXPAGESIZE), CONSTANT (COMMONPAGESIZE))

.eh_frame
 *(.eh_frame)
 *(.eh_frame.*)

.sframe
 *(.sframe)
 *(.sframe.*)

.gnu_extab
 *(.gnu_extab)

.gcc_except_table
 *(.gcc_except_table .gcc_except_table.*)

.exception_ranges
 *(.exception_ranges*)

.tdata          0x00000000000567a0        0x0
                [!provide]                        PROVIDE (__tdata_start = .)
 *(.tdata .tdata.* .gnu.linkonce.td.*)

.tbss
 *(.tbss .tbss.* .gnu.linkonce.tb.*)
 *(.tcommon)

.preinit_array  0x00000000000567a0        0x0
                [!provide]                        PROVIDE (__preinit_array_start = .)
 *(.preinit_array)
                [!provide]                        PROVIDE (__preinit_array_end = .)

.init_array     0x00000000000567a0        0x8
                [!provide]                        PROVIDE (__init_array_start = .)
 *(SORT_BY_INIT_PRIORITY(.init_array.*) SORT_BY_INIT_PRIORITY(.ctors.*))
 *(.init_array EXCLUDE_FILE(*crtend?.o *crtend.o *crtbegin?.o *crtbegin.o) .ctors)
 .init_array    0x00000000000567a0        0x8 /usr/bin/../lib64/gcc/x86_64-pc-linux-gnu/14.1.1/crtbeginS.o
                [!provide]                        PROVIDE (__init_array_end = .)

.fini_array     0x00000000000567a8        0x8
                [!provide]                        PROVIDE (__fini_array_start = .)
 *(SORT_BY_INIT_PRIORITY(.fini_array.*) SORT_BY_INIT_PRIORITY(.dtors.*))
 *(.fini_array EXCLUDE_FILE(*crtend?.o *crtend.o *crtbegin?.o *crtbegin.o) .dtors)
 .fini_array    0x00000000000567a8        0x8 /usr/bin/../lib64/gcc/x86_64-pc-linux-gnu/14.1.1/crtbeginS.o
                [!provide]                        PROVIDE (__fini_array_end = .)

.ctors
 *crtbegin.o(.ctors)
 *crtbegin?.o(.ctors)
 *(EXCLUDE_FILE(*crtend?.o *crtend.o) .ctors)
 *(SORT_BY_NAME(.ctors.*))
 *(.ctors)

.dtors
 *crtbegin.o(.dtors)
 *crtbegin?.o(.dtors)
 *(EXCLUDE_FILE(*crtend?.o *crtend.o) .dtors)
 *(SORT_BY_NAME(.dtors.*))
 *(.dtors)

.jcr
 *(.jcr)

.data.rel.ro    0x00000000000567b0      0x570
 *(.data.rel.ro.local* .gnu.linkonce.d.rel.ro.local.*)
 *(.data.rel.ro .data.rel.ro.* .gnu.linkonce.d.rel.ro.*)
 .data.rel.ro   0x00000000000567b0        0x0 /usr/bin/../lib64/gcc/x86_64-pc-linux-gnu/14.1.1/../../../../lib64/Scrt1.o
 .data.rel.ro   0x00000000000567b0      0x150 build/d_iwad.o
 .data.rel.ro   0x0000000000056900      0x120 build/d_main.o
 .data.rel.ro   0x0000000000056a20       0x30 build/f_wipe.o
 .data.rel.ro   0x0000000000056a50       0x40 build/g_game.o
 .data.rel.ro   0x0000000000056a90      0x228 build/p_maputl.o
 *fill*         0x0000000000056cb8        0x8 
 .data.rel.ro   0x0000000000056cc0       0x20 build/wi_stuff.o
 .data.rel.ro   0x0000000000056ce0       0x40 build/w_wad.o

.dynamic        0x0000000000056d20      0x200
 *(.dynamic)
 .dynamic       0x0000000000056d20      0x200 /usr/bin/../lib64/gcc/x86_64-pc-linux-gnu/14.1.1/../../../../lib64/Scrt1.o
                0x0000000000056d20                _DYNAMIC

.got            0x0000000000056f20       0xc8
 *(.got)
 .got           0x0000000000056f20       0xc8 /usr/bin/../lib64/gcc/x86_64-pc-linux-gnu/14.1.1/../../../../lib64/Scrt1.o
 *(.igot)
                0x0000000000056fe8                . = DATA_SEGMENT_RELRO_END (., (SIZEOF (.got.plt) >= 0x18)?0x18:0x0)

.got.plt        0x0000000000056fe8      0x1e8
 *(.got.plt)